// Jest Snapshot v1, https://goo.gl/fbAQLP

exports[`should render an expense item correctly 1`] = `
<div>
  <Link
    replace={false}
    to="edit/2"
  >
    <h3>
      Cake
    </h3>
  </Link>
  <p>
    $103.90
    -
    December 28th, 1969
  </p>
  <hr />
</div>
`;
